// Jest Snapshot v1, https://goo.gl/fbAQLP

exports[`Card render correctly 1`] = `
.c0 {
  -webkit-transform: scale(2);
  -ms-transform: scale(2);
  transform: scale(2);
  position: absolute;
  top: 15%;
  left: 40%;
  padding: 80px 0;
}

.c1 {
  margin: 0;
  padding: 0;
  width: 450px;
  border-radius: 10px 10px 0 0;
  overflow: hidden;
}

.c2 {
  margin: 0;
  padding: 0;
  width: 450px;
  height: 250px;
  background: url(EmptyImage.png) center center;
  background-size: 40px;
  display: -webkit-box;
  display: -webkit-flex;
  display: -ms-flexbox;
  display: flex;
  -webkit-align-items: center;
  -webkit-box-align: center;
  -ms-flex-align: center;
  align-items: center;
  -webkit-box-pack: center;
  -webkit-justify-content: center;
  -ms-flex-pack: center;
  justify-content: center;
  color: white;
  -webkit-transform: scale(10);
  -ms-transform: scale(10);
  transform: scale(10);
  z-index: 5;
}

.c3 {
  margin: 0;
  padding: 0;
  overflow: hidden;
  width: 450px;
  height: 100px;
  background: hsla(0,72%,0%,0.4);
  z-index: 10;
  display: -webkit-box;
  display: -webkit-flex;
  display: -ms-flexbox;
  display: flex;
  -webkit-align-items: center;
  -webkit-box-align: center;
  -ms-flex-align: center;
  align-items: center;
  -webkit-box-pack: center;
  -webkit-justify-content: center;
  -ms-flex-pack: center;
  justify-content: center;
  -webkit-flex-direction: column;
  -ms-flex-direction: column;
  flex-direction: column;
}

.c4 {
  font-family: 'Hanna',fantasy;
  font-size: 40px;
  font-weight: 500;
  color: white;
}

.c5 {
  font-family: 'Hanna',fantasy;
  font-size: 22px;
  font-weight: 400;
  color: white;
}

<div>
  <div
    className="c0"
  >
    <div
      dangerouslySetInnerHTML={
        Object {
          "__html": "<svg class=\\"icon-blank\\" xmlns=\\"http://www.w3.org/2000/svg\\" viewBox=\\"0 0 32 32\\"></svg>
        ",
        }
      }
      style={
        Object {
          "fill": "palevioletred",
          "height": 64,
          "width": 64,
        }
      }
    />
  </div>
  <div
    className="c1"
  >
    <div
      className="c2"
    >
      .
    </div>
  </div>
  <div
    className="c3"
  >
    <div
      className="c4"
    />
    <div
      className="c5"
    />
  </div>
</div>
`;
