// Jest Snapshot v1, https://goo.gl/fbAQLP

exports[`Layout render correctly 1`] = `
.c0 {
  display: relative;
  border: 2px dotted blue;
  height: 100%;
  width: 100%;
}

.c1 {
  display: absolute;
  height: 20%;
  width: 100%;
  background: palevioletred;
}

<div>
  <div
    className="c0"
  >
    <div
      className="c1"
    >
      Header
    </div>
    <div>
      ModalStudyComment
    </div>
    ModalStudyCommentList
  </div>
</div>
`;
