// Jest Snapshot v1, https://goo.gl/fbAQLP

exports[`Card render correctly 1`] = `
.c0 {
  display: -webkit-box;
  display: -webkit-flex;
  display: -ms-flexbox;
  display: flex;
  -webkit-flex-direction: row;
  -ms-flex-direction: row;
  flex-direction: row;
  -webkit-box-pack: space-around;
  -webkit-justify-content: space-around;
  -ms-flex-pack: space-around;
  justify-content: space-around;
  -webkit-align-items: center;
  -webkit-box-align: center;
  -ms-flex-align: center;
  align-items: center;
  background: #e9ecef;
  height: 50vh;
}

.c1 {
  width: 300px;
  min-width: 200px;
}

<div
  className="c0"
>
  <div
    className="c1"
  >
    <div>
      Lorem ipsum dolor sit amet, consectetur adipisicing elit. Aliquam cumque deleniti eius, incidunt labore laudantium maiores modi reiciendis sequi totam! Facere, quidem quod. A accusantium asperiores, illum libero voluptas voluptate?
    </div>
  </div>
  <div
    className="c1"
  >
    <div>
      Lorem ipsum dolor sit amet, consectetur adipisicing elit. Aliquam cumque deleniti eius, incidunt labore laudantium maiores modi reiciendis sequi totam! Facere, quidem quod. A accusantium asperiores, illum libero voluptas voluptate?
    </div>
  </div>
</div>
`;
