// Jest Snapshot v1, https://goo.gl/fbAQLP

exports[`ModalSignUpForm render correctly 1`] = `
.c0 {
  padding: 30px 0 10px 0;
}

.c1 {
  background-color: #f8f9fa;
  width: 400px;
  height: 40px;
  font-size: 15px;
  border: 2px solid white;
  padding-left: 20px;
  margin-bottom: 10px;
}

.c2 {
  background: palevioletred;
  color: white;
  font-size: 1em;
  margin: 1em;
  padding: 0.25em 1em;
  border: 2px solid palevioletred;
  border-radius: 3px;
  -webkit-transition: all 0.3s ease;
  transition: all 0.3s ease;
}

.c2:hover {
  background: #f783ac;
  border: 2px solid #f783ac;
}

<div
  className="c0"
>
  <form
    onSubmit={[Function]}
  >
    <div>
      <input
        className="c1"
        name="email"
        onBlur={[Function]}
        onChange={[Function]}
        onDragStart={[Function]}
        onDrop={[Function]}
        onFocus={[Function]}
        placeholder="email"
        required={true}
        type="text"
        value=""
      />
    </div>
    <div>
      <input
        className="c1"
        name="Nickname"
        onBlur={[Function]}
        onChange={[Function]}
        onDragStart={[Function]}
        onDrop={[Function]}
        onFocus={[Function]}
        placeholder="Nickname"
        required={true}
        type="text"
        value=""
      />
    </div>
    <div>
      <input
        className="c1"
        name="password"
        onBlur={[Function]}
        onChange={[Function]}
        onDragStart={[Function]}
        onDrop={[Function]}
        onFocus={[Function]}
        placeholder="password"
        required={true}
        type="password"
        value=""
      />
    </div>
    <button
      className="c2"
      type="submit"
    >
      회원 가입
    </button>
    <button
      className="c2"
      onClick={[Function]}
    >
      나가기
    </button>
  </form>
</div>
`;
