// Jest Snapshot v1, https://goo.gl/fbAQLP

exports[`ModalSignUp render correctly 1`] = `
.c0 {
  position: fixed;
  top: 0px;
  left: 0px;
  right: 0px;
  bottom: 0px;
  z-index: 5;
  background: rgba(0,0,0,0.3);
}

.c1 {
  position: fixed;
  top: 50%;
  left: 50%;
  -webkit-transform: translate(-50%,-50%);
  -ms-transform: translate(-50%,-50%);
  transform: translate(-50%,-50%);
  overflow: hidden;
  z-index: 10;
  width: 70%;
}

.c2 {
  display: -webkit-box;
  display: -webkit-flex;
  display: -ms-flexbox;
  display: flex;
  -webkit-box-pack: justify;
  -webkit-justify-content: space-between;
  -ms-flex-pack: justify;
  justify-content: space-between;
  -webkit-animation: 1s eMLfYp;
  animation: 1s eMLfYp;
}

.c3 {
  position: relative;
  background: white;
  border: 1px solid rgba(0,0,0,0.3);
  width: 58%;
  height: 900px;
}

.c4 {
  position: absolute;
  top: 0;
  left: 0;
  background: url(ModalStudyAsset.jpeg) left center;
  background-size: cover;
  width: 100%;
  height: 60%;
}

.c5 {
  background: white;
  border: 1px solid rgba(0,0,0,0.3);
  width: 35%;
}

.c6 {
  height: 100%;
  width: 100%;
}

.c7 {
  position: relative;
  height: 100%;
  width: 100%;
}

.c8 {
  position: absolute;
  top: 0;
  left: 0;
  height: 2%;
  width: 100%;
  background: palevioletred;
}

.c9 {
  position: absolute;
  bottom: 0;
  left: 0;
  padding: 30px 0 10px 0;
}

.c10 {
  display: -webkit-box;
  display: -webkit-flex;
  display: -ms-flexbox;
  display: flex;
  -webkit-flex-direction: row;
  -ms-flex-direction: row;
  flex-direction: row;
  -webkit-align-items: baseline;
  -webkit-box-align: baseline;
  -ms-flex-align: baseline;
  align-items: baseline;
  -webkit-box-pack: center;
  -webkit-justify-content: center;
  -ms-flex-pack: center;
  justify-content: center;
  margin-bottom: 40px;
  width: 100%;
}

.c11 {
  background-color: #f8f9fa;
  width: 300px;
  height: 40px;
  font-size: 15px;
  border: 2px solid white;
  padding-left: 20px;
  margin-bottom: 10px;
  margin-left: 20px;
}

.c12 {
  background: palevioletred;
  color: white;
  font-size: 1em;
  padding: 0.25em 1em;
  margin-left: 20px;
  border: 2px solid palevioletred;
  border-radius: 3px;
  -webkit-transition: all 0.3s ease;
  transition: all 0.3s ease;
}

.c12:hover {
  background: #f783ac;
  border: 2px solid #f783ac;
}

<div>
  <div
    className="c0"
  />
  <div
    className="c1"
  >
    <div
      className="c2"
    >
      <div
        className="c3"
      >
        <div
          className="c4"
        />
      </div>
      <div
        className="c5"
      >
        <div
          className="c6"
        >
          ModalStudyCommentContainer
          <div
            className="c7"
          >
            <div
              className="c8"
            >
              Header
            </div>
            <div>
              ModalStudyComment
            </div>
            ModalStudyCommentList
            <hr />
            <div
              className="c9"
            >
              <form
                onSubmit={[Function]}
              >
                <div
                  className="c10"
                >
                  <input
                    className="c11"
                    name="comment"
                    onBlur={[Function]}
                    onChange={[Function]}
                    onDragStart={[Function]}
                    onDrop={[Function]}
                    onFocus={[Function]}
                    placeholder="comment"
                    required={true}
                    type="text"
                    value=""
                  />
                  <button
                    className="c12"
                    type="submit"
                  >
                    전송
                  </button>
                </div>
              </form>
            </div>
          </div>
        </div>
      </div>
    </div>
  </div>
</div>
`;
