// Jest Snapshot v1, https://goo.gl/fbAQLP

exports[`Card render correctly 1`] = `
.c0 {
  background: #f1f3f5;
  height: 90vh;
  display: -webkit-box;
  display: -webkit-flex;
  display: -ms-flexbox;
  display: flex;
  -webkit-flex-direction: column;
  -ms-flex-direction: column;
  flex-direction: column;
}

.c1 {
  background: #f1f3f5;
  height: 10vh;
}

<div>
  <div
    className="c0"
  >
    About
  </div>
  <div
    className="c1"
  >
    친구들
  </div>
</div>
`;
