// Jest Snapshot v1, https://goo.gl/fbAQLP

exports[`Component render correctly 1`] = `
.c0 {
  position: absolute;
  top: 60%;
  height: 40%;
  width: 100%;
}

.c1 {
  margin: 30px 0 15px 0;
}

.c2 {
  font-weight: 500;
  font-size: 0.9em;
  border-radius: 5px;
  height: 20px;
  width: 20px;
  background: #e9ecef;
  color: black;
  padding: 5px 10px 5px 10px;
  margin: 9px 9px 9px 0;
}

.c3 {
  font-weight: 700;
  font-size: 2.5em;
}

.c4 {
  margin: 50px;
  font-weight: 300;
  font-size: 1.5em;
}

.c5 {
  font-weight: 500;
  font-size: 0.9em;
  border-radius: 5px;
  display: inline-block;
  background: #e9ecef;
  color: black;
  padding: 5px 10px 5px 10px;
  margin: 9px 9px 9px 0;
}

.c6 {
  font-weight: 500;
  font-size: 0.9em;
  border-radius: 5px;
  display: inline-block;
  background: #e9ecef;
  color: black;
  padding: 5px 10px 5px 10px;
  margin: 9px 9px 9px 0;
}

<div
  className="c0"
>
  <div
    className="c1"
  >
    <span
      className="c2"
    >
      
    </span>
    <span
      className="c2"
    >
      0
    </span>
  </div>
  <div
    className="c3"
  >
    
  </div>
  <div
    className="c4"
  >
    
  </div>
  <div
    className="c5"
  >
    
  </div>
  <div
    className="c6"
  >
    
  </div>
</div>
`;
